// Jest Snapshot v1, https://goo.gl/fbAQLP

exports[`TreePrinting __check tree__ 1`] = `
Node {
  "kids": Array [
    Node {
      "kids": Array [
        Node {
          "kids": Array [],
          "name": 5,
        },
        Node {
          "kids": Array [
            Node {
              "kids": Array [],
              "name": 8,
            },
          ],
          "name": 6,
        },
      ],
      "name": 2,
    },
    Node {
      "kids": Array [],
      "name": 3,
    },
    Node {
      "kids": Array [
        Node {
          "kids": Array [
            Node {
              "kids": Array [],
              "name": 9,
            },
          ],
          "name": 7,
        },
      ],
      "name": 4,
    },
  ],
  "name": 1,
}
`;
